06-21 19:51:41 com_github_MitjaNemec_PlaceFootprints.action_place_footprints 674:Plugin executed on: 'win32'
06-21 19:51:41 com_github_MitjaNemec_PlaceFootprints.action_place_footprints 675:Plugin executed with python version: '3.11.5 (main, Jan 23 2026, 07:39:48) [MSC v.1944 64 bit (AMD64)]'
06-21 19:51:41 com_github_MitjaNemec_PlaceFootprints.action_place_footprints 676:KiCad build version: 10.0.1
06-21 19:51:41 com_github_MitjaNemec_PlaceFootprints.action_place_footprints 677:Plugin version: 5.0.0

06-21 19:51:41 com_github_MitjaNemec_PlaceFootprints.action_place_footprints 678:Frame repr: <wx._core.Frame object at 0x000002584AFFD510>
06-21 19:51:41 com_github_MitjaNemec_PlaceFootprints.place_footprints 121:getting a list of all footprints on board
06-21 19:51:41 com_github_MitjaNemec_PlaceFootprints.action_place_footprints 717:Reference footprint='R169'
06-21 19:51:42 com_github_MitjaNemec_PlaceFootprints.action_place_footprints 858:Reference designator is: R
06-21 19:51:42 com_github_MitjaNemec_PlaceFootprints.action_place_footprints 859:Reference number is: 169
06-21 19:51:42 com_github_MitjaNemec_PlaceFootprints.action_place_footprints 891:Sorted and filtered list:
['R169', 'R170', 'R171', 'R172', 'R173', 'R174', 'R175', 'R176', 'R177', 'R178', 'R179', 'R180', 'R181', 'R182', 'R183', 'R184', 'R185']
06-21 19:51:42 com_github_MitjaNemec_PlaceFootprints.action_place_footprints 376:wx.Colour(32, 32, 32, 255)
06-21 19:51:55 com_github_MitjaNemec_PlaceFootprints.action_place_footprints 507:'4'
06-21 19:51:55 com_github_MitjaNemec_PlaceFootprints.action_place_footprints 553:Preparing config for reference linear
06-21 19:51:55 com_github_MitjaNemec_PlaceFootprints.action_place_footprints 573:Saving config file
06-21 19:51:55 com_github_MitjaNemec_PlaceFootprints.action_place_footprints 575:Saved the config file
06-21 19:51:55 com_github_MitjaNemec_PlaceFootprints.action_place_footprints 929:Footprints to place:
['R169', 'R170', 'R171', 'R172', 'R173', 'R174', 'R175', 'R176', 'R177', 'R178', 'R179', 'R180', 'R181', 'R182', 'R183', 'R184']
06-21 19:51:55 com_github_MitjaNemec_PlaceFootprints.place_footprints 396:Starting placing with linear layout
06-21 19:51:55 com_github_MitjaNemec_PlaceFootprints.action_place_footprints 970:Placing complete
